c:\users\yunomin61\documents\github\ad00020-usb_ir_remote_controller\20usb_ir_libraryc\usb_ir_libraryc\usb_ir_library\usbir\release\usbir.pch
c:\users\yunomin61\documents\github\ad00020-usb_ir_remote_controller\20usb_ir_libraryc\usb_ir_libraryc\usb_ir_library\usbir\release\vc145.pdb
c:\users\yunomin61\documents\github\ad00020-usb_ir_remote_controller\20usb_ir_libraryc\usb_ir_libraryc\usb_ir_library\usbir\release\stdafx.obj
c:\users\yunomin61\documents\github\ad00020-usb_ir_remote_controller\20usb_ir_libraryc\usb_ir_libraryc\usb_ir_library\usbir\release\dllmain.obj
c:\users\yunomin61\documents\github\ad00020-usb_ir_remote_controller\20usb_ir_libraryc\usb_ir_libraryc\usb_ir_library\usbir\release\usb_ir_library.obj
c:\users\yunomin61\documents\github\ad00020-usb_ir_remote_controller\20usb_ir_libraryc\usb_ir_libraryc\usb_ir_library\release\usbir.dll
c:\users\yunomin61\documents\github\ad00020-usb_ir_remote_controller\20usb_ir_libraryc\usb_ir_libraryc\usb_ir_library\release\usbir.pdb
c:\users\yunomin61\documents\github\ad00020-usb_ir_remote_controller\20usb_ir_libraryc\usb_ir_libraryc\usb_ir_library\usbir\release\usb_ir_library.res
c:\users\yunomin61\documents\github\ad00020-usb_ir_remote_controller\20usb_ir_libraryc\usb_ir_libraryc\usb_ir_library\release\usbir.lib
c:\users\yunomin61\documents\github\ad00020-usb_ir_remote_controller\20usb_ir_libraryc\usb_ir_libraryc\usb_ir_library\release\usbir.exp
c:\users\yunomin61\documents\github\ad00020-usb_ir_remote_controller\20usb_ir_libraryc\usb_ir_libraryc\usb_ir_library\usbir\release\usbir.ipdb
c:\users\yunomin61\documents\github\ad00020-usb_ir_remote_controller\20usb_ir_libraryc\usb_ir_libraryc\usb_ir_library\usbir\release\usbir.iobj
c:\users\yunomin61\documents\github\ad00020-usb_ir_remote_controller\20usb_ir_libraryc\usb_ir_libraryc\usb_ir_library\usbir\release\usbir.tlog\cl.command.1.tlog
c:\users\yunomin61\documents\github\ad00020-usb_ir_remote_controller\20usb_ir_libraryc\usb_ir_libraryc\usb_ir_library\usbir\release\usbir.tlog\cl.items.tlog
c:\users\yunomin61\documents\github\ad00020-usb_ir_remote_controller\20usb_ir_libraryc\usb_ir_libraryc\usb_ir_library\usbir\release\usbir.tlog\cl.read.1.tlog
c:\users\yunomin61\documents\github\ad00020-usb_ir_remote_controller\20usb_ir_libraryc\usb_ir_libraryc\usb_ir_library\usbir\release\usbir.tlog\cl.write.1.tlog
c:\users\yunomin61\documents\github\ad00020-usb_ir_remote_controller\20usb_ir_libraryc\usb_ir_libraryc\usb_ir_library\usbir\release\usbir.tlog\link.command.1.tlog
c:\users\yunomin61\documents\github\ad00020-usb_ir_remote_controller\20usb_ir_libraryc\usb_ir_libraryc\usb_ir_library\usbir\release\usbir.tlog\link.read.1.tlog
c:\users\yunomin61\documents\github\ad00020-usb_ir_remote_controller\20usb_ir_libraryc\usb_ir_libraryc\usb_ir_library\usbir\release\usbir.tlog\link.secondary.1.tlog
c:\users\yunomin61\documents\github\ad00020-usb_ir_remote_controller\20usb_ir_libraryc\usb_ir_libraryc\usb_ir_library\usbir\release\usbir.tlog\link.write.1.tlog
c:\users\yunomin61\documents\github\ad00020-usb_ir_remote_controller\20usb_ir_libraryc\usb_ir_libraryc\usb_ir_library\usbir\release\usbir.tlog\rc.command.1.tlog
c:\users\yunomin61\documents\github\ad00020-usb_ir_remote_controller\20usb_ir_libraryc\usb_ir_libraryc\usb_ir_library\usbir\release\usbir.tlog\rc.read.1.tlog
c:\users\yunomin61\documents\github\ad00020-usb_ir_remote_controller\20usb_ir_libraryc\usb_ir_libraryc\usb_ir_library\usbir\release\usbir.tlog\rc.write.1.tlog
