D:\WORK\REMOCONSERVANT\REMOCONSERVANT_20130329_製品V210\LIBRARYC\USB_IR_LIBRARY\RELEASE\USB_IR_LIBRARY.DLL
D:\work\RemoconServant\RemoconServant_20130329_製品v210\LibraryC\USB_IR_Library\Release\USB_IR_Library.exp
D:\work\RemoconServant\RemoconServant_20130329_製品v210\LibraryC\USB_IR_Library\Release\USB_IR_Library.lib
D:\WORK\REMOCONSERVANT\REMOCONSERVANT_20130329_製品V210\LIBRARYC\USB_IR_LIBRARY\RELEASE\USB_IR_LIBRARY.PDB
D:\work\RemoconServant\RemoconServant_20130329_製品v210\LibraryC\USB_IR_Library\USB_IR_Library\Release\cl.command.1.tlog
D:\work\RemoconServant\RemoconServant_20130329_製品v210\LibraryC\USB_IR_Library\USB_IR_Library\Release\CL.read.1.tlog
D:\work\RemoconServant\RemoconServant_20130329_製品v210\LibraryC\USB_IR_Library\USB_IR_Library\Release\CL.write.1.tlog
D:\WORK\REMOCONSERVANT\REMOCONSERVANT_20130329_製品V210\LIBRARYC\USB_IR_LIBRARY\USB_IR_LIBRARY\RELEASE\DLLMAIN.OBJ
D:\work\RemoconServant\RemoconServant_20130329_製品v210\LibraryC\USB_IR_Library\USB_IR_Library\Release\link.command.1.tlog
D:\work\RemoconServant\RemoconServant_20130329_製品v210\LibraryC\USB_IR_Library\USB_IR_Library\Release\link.read.1.tlog
D:\work\RemoconServant\RemoconServant_20130329_製品v210\LibraryC\USB_IR_Library\USB_IR_Library\Release\link.write.1.tlog
D:\work\RemoconServant\RemoconServant_20130329_製品v210\LibraryC\USB_IR_Library\USB_IR_Library\Release\link-cvtres.read.1.tlog
D:\work\RemoconServant\RemoconServant_20130329_製品v210\LibraryC\USB_IR_Library\USB_IR_Library\Release\link-cvtres.write.1.tlog
D:\work\RemoconServant\RemoconServant_20130329_製品v210\LibraryC\USB_IR_Library\USB_IR_Library\Release\mt.command.1.tlog
D:\work\RemoconServant\RemoconServant_20130329_製品v210\LibraryC\USB_IR_Library\USB_IR_Library\Release\mt.read.1.tlog
D:\work\RemoconServant\RemoconServant_20130329_製品v210\LibraryC\USB_IR_Library\USB_IR_Library\Release\mt.write.1.tlog
D:\work\RemoconServant\RemoconServant_20130329_製品v210\LibraryC\USB_IR_Library\USB_IR_Library\Release\rc.command.1.tlog
D:\work\RemoconServant\RemoconServant_20130329_製品v210\LibraryC\USB_IR_Library\USB_IR_Library\Release\rc.read.1.tlog
D:\work\RemoconServant\RemoconServant_20130329_製品v210\LibraryC\USB_IR_Library\USB_IR_Library\Release\rc.write.1.tlog
D:\WORK\REMOCONSERVANT\REMOCONSERVANT_20130329_製品V210\LIBRARYC\USB_IR_LIBRARY\USB_IR_LIBRARY\RELEASE\STDAFX.OBJ
D:\WORK\REMOCONSERVANT\REMOCONSERVANT_20130329_製品V210\LIBRARYC\USB_IR_LIBRARY\USB_IR_LIBRARY\RELEASE\USB_IR_LIBRARY.DLL.INTERMEDIATE.MANIFEST
D:\WORK\REMOCONSERVANT\REMOCONSERVANT_20130329_製品V210\LIBRARYC\USB_IR_LIBRARY\USB_IR_LIBRARY\RELEASE\USB_IR_LIBRARY.OBJ
D:\WORK\REMOCONSERVANT\REMOCONSERVANT_20130329_製品V210\LIBRARYC\USB_IR_LIBRARY\USB_IR_LIBRARY\RELEASE\USB_IR_LIBRARY.PCH
D:\WORK\REMOCONSERVANT\REMOCONSERVANT_20130329_製品V210\LIBRARYC\USB_IR_LIBRARY\USB_IR_LIBRARY\RELEASE\USB_IR_LIBRARY.RES
D:\work\RemoconServant\RemoconServant_20130329_製品v210\LibraryC\USB_IR_Library\USB_IR_Library\Release\USB_IR_Library.vcxprojResolveAssemblyReference.cache
D:\work\RemoconServant\RemoconServant_20130329_製品v210\LibraryC\USB_IR_Library\USB_IR_Library\Release\USB_IR_Library.write.1.tlog
D:\WORK\REMOCONSERVANT\REMOCONSERVANT_20130329_製品V210\LIBRARYC\USB_IR_LIBRARY\USB_IR_LIBRARY\RELEASE\VC100.PDB
