2023/12/15 13:17:42 にビルドを開始しました。
     1>ノード 2 上のプロジェクト "D:\work\RemoconServant\RemoconServant_20130329_製品v210\LibraryC\USB_IR_Library\USB_IR_Library\USB_IR_Library.vcxproj" (rebuild ターゲット)。
     1>_PrepareForClean:
         ファイル "Release\USB_IR_Library.lastbuildstate" を削除しています。
       InitializeBuildStatus:
         "AlwaysCreate" が指定されたため "Release\USB_IR_Library.unsuccessfulbuild" を作成しています。
       ClCompile:
         C:\Program Files (x86)\Microsoft Visual Studio 10.0\VC\bin\x86_amd64\CL.exe /c /Zi /nologo /W3 /WX- /O2 /Oi /GL /D WIN32 /D NDEBUG /D _WINDOWS /D _USRDLL /D USB_IR_LIBRARY_EXPORTS /D _WINDLL /D _UNICODE /D UNICODE /Gm- /EHsc /MD /GS /Gy /fp:precise /Zc:wchar_t /Zc:forScope /Yc"StdAfx.h" /Fp"Release\USB_IR_Library.pch" /Fo"Release\\" /Fd"Release\vc100.pdb" /Gd /TP /errorReport:prompt stdafx.cpp
         stdafx.cpp
         C:\Program Files (x86)\Microsoft Visual Studio 10.0\VC\bin\x86_amd64\CL.exe /c /Zi /nologo /W3 /WX- /O2 /Oi /GL /D WIN32 /D NDEBUG /D _WINDOWS /D _USRDLL /D USB_IR_LIBRARY_EXPORTS /D _WINDLL /D _UNICODE /D UNICODE /Gm- /EHsc /MD /GS /Gy /fp:precise /Zc:wchar_t /Zc:forScope /Fo"Release\\" /Fd"Release\vc100.pdb" /Gd /TP /errorReport:prompt dllmain.cpp
         dllmain.cpp
         C:\Program Files (x86)\Microsoft Visual Studio 10.0\VC\bin\x86_amd64\CL.exe /c /Zi /nologo /W3 /WX- /O2 /Oi /GL /D WIN32 /D NDEBUG /D _WINDOWS /D _USRDLL /D USB_IR_LIBRARY_EXPORTS /D _WINDLL /D _UNICODE /D UNICODE /Gm- /EHsc /MD /GS /Gy /fp:precise /Zc:wchar_t /Zc:forScope /Yu"StdAfx.h" /Fp"Release\USB_IR_Library.pch" /Fo"Release\\" /Fd"Release\vc100.pdb" /Gd /TP /errorReport:prompt USB_IR_Library.cpp
         USB_IR_Library.cpp
       ResourceCompile:
         C:\Program Files (x86)\Microsoft SDKs\Windows\v7.0A\bin\rc.exe /D _UNICODE /D UNICODE /l"0x0409" /nologo /fo"Release\USB_IR_Library.res" USB_IR_Library.rc 
       Link:
         C:\Program Files (x86)\Microsoft Visual Studio 10.0\VC\bin\x86_amd64\link.exe /ERRORREPORT:PROMPT /OUT:"D:\work\RemoconServant\RemoconServant_20130329_製品v210\LibraryC\USB_IR_Library\Release\USB_IR_Library.dll" /INCREMENTAL:NO /NOLOGO kernel32.lib user32.lib gdi32.lib winspool.lib comdlg32.lib advapi32.lib shell32.lib ole32.lib oleaut32.lib uuid.lib odbc32.lib odbccp32.lib /MANIFEST /ManifestFile:"Release\USB_IR_Library.dll.intermediate.manifest" /MANIFESTUAC:"level='asInvoker' uiAccess='false'" /DEBUG /PDB:"D:\work\RemoconServant\RemoconServant_20130329_製品v210\LibraryC\USB_IR_Library\Release\USB_IR_Library.pdb" /SUBSYSTEM:WINDOWS /OPT:REF /OPT:ICF /LTCG /TLBID:1 /DYNAMICBASE /NXCOMPAT /IMPLIB:"D:\work\RemoconServant\RemoconServant_20130329_製品v210\LibraryC\USB_IR_Library\Release\USB_IR_Library.lib" /MACHINE:X64 /DLL Release\USB_IR_Library.res
         Release\dllmain.obj
         Release\stdafx.obj
         Release\USB_IR_Library.obj
            ライブラリ D:\work\RemoconServant\RemoconServant_20130329_製品v210\LibraryC\USB_IR_Library\Release\USB_IR_Library.lib とオブジェクト D:\work\RemoconServant\RemoconServant_20130329_製品v210\LibraryC\USB_IR_Library\Release\USB_IR_Library.exp を作成中
         コード生成しています。
         コード生成が終了しました。
         USB_IR_Library.vcxproj -> D:\work\RemoconServant\RemoconServant_20130329_製品v210\LibraryC\USB_IR_Library\Release\USB_IR_Library.dll
       Manifest:
         C:\Program Files (x86)\Microsoft SDKs\Windows\v7.0A\bin\mt.exe /nologo /verbose /outputresource:"D:\work\RemoconServant\RemoconServant_20130329_製品v210\LibraryC\USB_IR_Library\Release\USB_IR_Library.dll;#2" /manifest Release\USB_IR_Library.dll.intermediate.manifest
       FinalizeBuildStatus:
         ファイル "Release\USB_IR_Library.unsuccessfulbuild" を削除しています。
         "Release\USB_IR_Library.lastbuildstate" のタッチ タスクを実行しています。
     1>プロジェクト "D:\work\RemoconServant\RemoconServant_20130329_製品v210\LibraryC\USB_IR_Library\USB_IR_Library\USB_IR_Library.vcxproj" (rebuild ターゲット) のビルドが完了しました。

ビルドに成功しました。

経過時間 00:00:02.31
