2023/12/14 17:30:31 にビルドを開始しました。
     1>ノード 2 上のプロジェクト "D:\work\RemoconServant\RemoconServant_20130329_製品v210\LibraryC\USB_IR_Library\USB_IR_Library\USB_IR_Library.vcxproj" (rebuild ターゲット)。
     1>_PrepareForClean:
         ファイル "Debug\USB_IR_Library.lastbuildstate" を削除しています。
       PrepareForBuild:
         ディレクトリ "D:\work\RemoconServant\RemoconServant_20130329_製品v210\LibraryC\USB_IR_Library\Debug\" を作成しています。
       InitializeBuildStatus:
         "AlwaysCreate" が指定されたため "Debug\USB_IR_Library.unsuccessfulbuild" を作成しています。
       ClCompile:
         C:\Program Files (x86)\Microsoft Visual Studio 10.0\VC\bin\CL.exe /c /ZI /nologo /W3 /WX- /Od /Oy- /D WIN32 /D _DEBUG /D _WINDOWS /D _USRDLL /D USB_IR_LIBRARY_EXPORTS /D _WINDLL /D _UNICODE /D UNICODE /Gm /EHsc /RTC1 /MDd /GS /fp:precise /Zc:wchar_t /Zc:forScope /Yc"StdAfx.h" /Fp"Debug\USB_IR_Library.pch" /Fo"Debug\\" /Fd"Debug\vc100.pdb" /Gd /TP /analyze- /errorReport:prompt stdafx.cpp
         stdafx.cpp
         C:\Program Files (x86)\Microsoft Visual Studio 10.0\VC\bin\CL.exe /c /ZI /nologo /W3 /WX- /Od /Oy- /D WIN32 /D _DEBUG /D _WINDOWS /D _USRDLL /D USB_IR_LIBRARY_EXPORTS /D _WINDLL /D _UNICODE /D UNICODE /Gm /EHsc /RTC1 /MDd /GS /fp:precise /Zc:wchar_t /Zc:forScope /Fo"Debug\\" /Fd"Debug\vc100.pdb" /Gd /TP /analyze- /errorReport:prompt dllmain.cpp
         dllmain.cpp
         C:\Program Files (x86)\Microsoft Visual Studio 10.0\VC\bin\CL.exe /c /ZI /nologo /W3 /WX- /Od /Oy- /D WIN32 /D _DEBUG /D _WINDOWS /D _USRDLL /D USB_IR_LIBRARY_EXPORTS /D _WINDLL /D _UNICODE /D UNICODE /Gm /EHsc /RTC1 /MDd /GS /fp:precise /Zc:wchar_t /Zc:forScope /Yu"StdAfx.h" /Fp"Debug\USB_IR_Library.pch" /Fo"Debug\\" /Fd"Debug\vc100.pdb" /Gd /TP /analyze- /errorReport:prompt USB_IR_Library.cpp
         USB_IR_Library.cpp
       ResourceCompile:
         C:\Program Files (x86)\Microsoft SDKs\Windows\v7.0A\bin\rc.exe /D _UNICODE /D UNICODE /l"0x0409" /nologo /fo"Debug\USB_IR_Library.res" USB_IR_Library.rc 
       ManifestResourceCompile:
         C:\Program Files (x86)\Microsoft SDKs\Windows\v7.0A\bin\rc.exe /nologo /fo"Debug\USB_IR_Library.dll.embed.manifest.res" Debug\USB_IR_Library_manifest.rc 
       Link:
         C:\Program Files (x86)\Microsoft Visual Studio 10.0\VC\bin\link.exe /ERRORREPORT:PROMPT /OUT:"D:\work\RemoconServant\RemoconServant_20130329_製品v210\LibraryC\USB_IR_Library\Debug\USB_IR_Library.dll" /INCREMENTAL /NOLOGO kernel32.lib user32.lib gdi32.lib winspool.lib comdlg32.lib advapi32.lib shell32.lib ole32.lib oleaut32.lib uuid.lib odbc32.lib odbccp32.lib /MANIFEST /ManifestFile:"Debug\USB_IR_Library.dll.intermediate.manifest" /MANIFESTUAC:"level='asInvoker' uiAccess='false'" /DEBUG /PDB:"D:\work\RemoconServant\RemoconServant_20130329_製品v210\LibraryC\USB_IR_Library\Debug\USB_IR_Library.pdb" /SUBSYSTEM:WINDOWS /TLBID:1 /DYNAMICBASE /NXCOMPAT /IMPLIB:"D:\work\RemoconServant\RemoconServant_20130329_製品v210\LibraryC\USB_IR_Library\Debug\USB_IR_Library.lib" /MACHINE:X86 /DLL Debug\USB_IR_Library.res
         Debug\USB_IR_Library.dll.embed.manifest.res
         Debug\dllmain.obj
         Debug\stdafx.obj
         Debug\USB_IR_Library.obj
            ライブラリ D:\work\RemoconServant\RemoconServant_20130329_製品v210\LibraryC\USB_IR_Library\Debug\USB_IR_Library.lib とオブジェクト D:\work\RemoconServant\RemoconServant_20130329_製品v210\LibraryC\USB_IR_Library\Debug\USB_IR_Library.exp を作成中
       Manifest:
         ファイル "Debug\USB_IR_Library.dll.embed.manifest" を削除しています。
         C:\Program Files (x86)\Microsoft SDKs\Windows\v7.0A\bin\mt.exe /nologo /verbose /out:"Debug\USB_IR_Library.dll.embed.manifest" /manifest Debug\USB_IR_Library.dll.intermediate.manifest
         C:\Program Files (x86)\Microsoft SDKs\Windows\v7.0A\bin\rc.exe /nologo /fo"Debug\USB_IR_Library.dll.embed.manifest.res" Debug\USB_IR_Library_manifest.rc 
       LinkEmbedManifest:
         C:\Program Files (x86)\Microsoft Visual Studio 10.0\VC\bin\link.exe /ERRORREPORT:PROMPT /OUT:"D:\work\RemoconServant\RemoconServant_20130329_製品v210\LibraryC\USB_IR_Library\Debug\USB_IR_Library.dll" /INCREMENTAL /NOLOGO kernel32.lib user32.lib gdi32.lib winspool.lib comdlg32.lib advapi32.lib shell32.lib ole32.lib oleaut32.lib uuid.lib odbc32.lib odbccp32.lib /MANIFEST /ManifestFile:"Debug\USB_IR_Library.dll.intermediate.manifest" /MANIFESTUAC:"level='asInvoker' uiAccess='false'" /DEBUG /PDB:"D:\work\RemoconServant\RemoconServant_20130329_製品v210\LibraryC\USB_IR_Library\Debug\USB_IR_Library.pdb" /SUBSYSTEM:WINDOWS /TLBID:1 /DYNAMICBASE /NXCOMPAT /IMPLIB:"D:\work\RemoconServant\RemoconServant_20130329_製品v210\LibraryC\USB_IR_Library\Debug\USB_IR_Library.lib" /MACHINE:X86 /DLL Debug\USB_IR_Library.res
         Debug\USB_IR_Library.dll.embed.manifest.res
         Debug\dllmain.obj
         Debug\stdafx.obj
         Debug\USB_IR_Library.obj
         USB_IR_Library.vcxproj -> D:\work\RemoconServant\RemoconServant_20130329_製品v210\LibraryC\USB_IR_Library\Debug\USB_IR_Library.dll
       FinalizeBuildStatus:
         ファイル "Debug\USB_IR_Library.unsuccessfulbuild" を削除しています。
         "Debug\USB_IR_Library.lastbuildstate" のタッチ タスクを実行しています。
     1>プロジェクト "D:\work\RemoconServant\RemoconServant_20130329_製品v210\LibraryC\USB_IR_Library\USB_IR_Library\USB_IR_Library.vcxproj" (rebuild ターゲット) のビルドが完了しました。

ビルドに成功しました。

経過時間 00:00:02.74
