D:\WORK\REMOCONSERVANT\REMOCONSERVANT_20130329_製品V210\LIBRARYC\USB_IR_LIBRARY\DEBUG\USB_IR_LIBRARY.DLL
D:\work\RemoconServant\RemoconServant_20130329_製品v210\LibraryC\USB_IR_Library\Debug\USB_IR_Library.exp
D:\WORK\REMOCONSERVANT\REMOCONSERVANT_20130329_製品V210\LIBRARYC\USB_IR_LIBRARY\DEBUG\USB_IR_LIBRARY.ILK
D:\work\RemoconServant\RemoconServant_20130329_製品v210\LibraryC\USB_IR_Library\Debug\USB_IR_Library.lib
D:\WORK\REMOCONSERVANT\REMOCONSERVANT_20130329_製品V210\LIBRARYC\USB_IR_LIBRARY\DEBUG\USB_IR_LIBRARY.PDB
D:\work\RemoconServant\RemoconServant_20130329_製品v210\LibraryC\USB_IR_Library\USB_IR_Library\Debug\cl.command.1.tlog
D:\work\RemoconServant\RemoconServant_20130329_製品v210\LibraryC\USB_IR_Library\USB_IR_Library\Debug\CL.read.1.tlog
D:\work\RemoconServant\RemoconServant_20130329_製品v210\LibraryC\USB_IR_Library\USB_IR_Library\Debug\CL.write.1.tlog
D:\WORK\REMOCONSERVANT\REMOCONSERVANT_20130329_製品V210\LIBRARYC\USB_IR_LIBRARY\USB_IR_LIBRARY\DEBUG\DLLMAIN.OBJ
D:\work\RemoconServant\RemoconServant_20130329_製品v210\LibraryC\USB_IR_Library\USB_IR_Library\Debug\link.17820.read.1.tlog
D:\work\RemoconServant\RemoconServant_20130329_製品v210\LibraryC\USB_IR_Library\USB_IR_Library\Debug\link.17820.write.1.tlog
D:\work\RemoconServant\RemoconServant_20130329_製品v210\LibraryC\USB_IR_Library\USB_IR_Library\Debug\link.17820-cvtres.read.1.tlog
D:\work\RemoconServant\RemoconServant_20130329_製品v210\LibraryC\USB_IR_Library\USB_IR_Library\Debug\link.17820-cvtres.write.1.tlog
D:\work\RemoconServant\RemoconServant_20130329_製品v210\LibraryC\USB_IR_Library\USB_IR_Library\Debug\link.command.1.tlog
D:\work\RemoconServant\RemoconServant_20130329_製品v210\LibraryC\USB_IR_Library\USB_IR_Library\Debug\link.read.1.tlog
D:\work\RemoconServant\RemoconServant_20130329_製品v210\LibraryC\USB_IR_Library\USB_IR_Library\Debug\link.write.1.tlog
D:\work\RemoconServant\RemoconServant_20130329_製品v210\LibraryC\USB_IR_Library\USB_IR_Library\Debug\link-cvtres.read.1.tlog
D:\work\RemoconServant\RemoconServant_20130329_製品v210\LibraryC\USB_IR_Library\USB_IR_Library\Debug\link-cvtres.write.1.tlog
D:\work\RemoconServant\RemoconServant_20130329_製品v210\LibraryC\USB_IR_Library\USB_IR_Library\Debug\mt.command.1.tlog
D:\work\RemoconServant\RemoconServant_20130329_製品v210\LibraryC\USB_IR_Library\USB_IR_Library\Debug\mt.read.1.tlog
D:\work\RemoconServant\RemoconServant_20130329_製品v210\LibraryC\USB_IR_Library\USB_IR_Library\Debug\mt.write.1.tlog
D:\work\RemoconServant\RemoconServant_20130329_製品v210\LibraryC\USB_IR_Library\USB_IR_Library\Debug\rc.command.1.tlog
D:\work\RemoconServant\RemoconServant_20130329_製品v210\LibraryC\USB_IR_Library\USB_IR_Library\Debug\rc.read.1.tlog
D:\work\RemoconServant\RemoconServant_20130329_製品v210\LibraryC\USB_IR_Library\USB_IR_Library\Debug\rc.write.1.tlog
D:\WORK\REMOCONSERVANT\REMOCONSERVANT_20130329_製品V210\LIBRARYC\USB_IR_LIBRARY\USB_IR_LIBRARY\DEBUG\STDAFX.OBJ
D:\WORK\REMOCONSERVANT\REMOCONSERVANT_20130329_製品V210\LIBRARYC\USB_IR_LIBRARY\USB_IR_LIBRARY\DEBUG\USB_IR_LIBRARY.DLL.EMBED.MANIFEST
D:\WORK\REMOCONSERVANT\REMOCONSERVANT_20130329_製品V210\LIBRARYC\USB_IR_LIBRARY\USB_IR_LIBRARY\DEBUG\USB_IR_LIBRARY.DLL.EMBED.MANIFEST.RES
D:\WORK\REMOCONSERVANT\REMOCONSERVANT_20130329_製品V210\LIBRARYC\USB_IR_LIBRARY\USB_IR_LIBRARY\DEBUG\USB_IR_LIBRARY.DLL.INTERMEDIATE.MANIFEST
D:\WORK\REMOCONSERVANT\REMOCONSERVANT_20130329_製品V210\LIBRARYC\USB_IR_LIBRARY\USB_IR_LIBRARY\DEBUG\USB_IR_LIBRARY.OBJ
D:\WORK\REMOCONSERVANT\REMOCONSERVANT_20130329_製品V210\LIBRARYC\USB_IR_LIBRARY\USB_IR_LIBRARY\DEBUG\USB_IR_LIBRARY.PCH
D:\work\RemoconServant\RemoconServant_20130329_製品v210\LibraryC\USB_IR_Library\USB_IR_Library\Debug\USB_IR_Library.write.1.tlog
D:\work\RemoconServant\RemoconServant_20130329_製品v210\LibraryC\USB_IR_Library\USB_IR_Library\Debug\USB_IR_Library_manifest.rc
D:\work\RemoconServant\RemoconServant_20130329_製品v210\LibraryC\USB_IR_Library\USB_IR_Library\Debug\vc100.idb
D:\WORK\REMOCONSERVANT\REMOCONSERVANT_20130329_製品V210\LIBRARYC\USB_IR_LIBRARY\USB_IR_LIBRARY\DEBUG\VC100.PDB
